// Jest Snapshot v1, https://goo.gl/fbAQLP

exports[`should render Header correctly 1`] = `
<header>
  <h1>
    Expensify
  </h1>
  <NavLink
    activeClassName="is-active"
    aria-current="page"
    exact={true}
    to="/dashboard"
  >
    DASHBOARD
     
  </NavLink>
  <NavLink
    activeClassName="is-active"
    aria-current="page"
    to="/create"
  >
    CREATE
     
  </NavLink>
  <button
    onClick={[Function]}
  >
    Logout
  </button>
</header>
`;
